<!DOCTYPE html>
<html lang="en">
<head>
    <meta charset="UTF-8">
    <meta name="viewport" content="width=device-width, initial-scale=1.0">
    <title>Invoice</title>
    <style>
        table, th, td {
            border: 1px solid black;
            border-collapse: collapse;
            padding: 10px;
            text-align: center;
        }
        table {
            width: 60%;
            margin: 20px 0;
        }
        th {
            background-color: #f2f2f2;
        }
    </style>
</head>
<body>
    <h2>Invoice</h2>
    <p><b>Client</b> : BigCo</p>

    <table>
<tr>
            <th>Piece</th>
            <th>Seats sold</th>
            <th>Price</th>
        </tr>
            <tr>
                <td>Hamlet</td>
                <td>55</td>
                <td>$650.00</td>
            </tr>
            <tr>
                <td>As You Like It</td>
                <td>35</td>
                <td>$580.00</td>
            </tr>
            <tr>
                <td>Othello</td>
                <td>40</td>
                <td>$500.00</td>
            </tr>
        <tr>
            <td colspan="2"><b>Total owed:</b></td>
            <td><b>$1,715.00</b></td>
        </tr>
        <tr>
            <td colspan="2"><b>Fidelity points earned:</b></td>
            <td><b>52</b></td>
        </tr>
    </table>
        <p>A promotion of $15 has been applied to your invoice due to your fidelity points.</p>
    <p style="color:red;">Payment is required under 30 days. <b>We can break your knees if you don't do so.</b></p>
</body>
</html>
