Statement for BigCo
  Hamlet: $650.00 (55 seats)
  As You Like It: $580.00 (35 seats)
  Othello: $500.00 (40 seats)
Amount owed is $1,715.00
You earned 52 credits
A promotion of $15 has been applied to your invoice due to your fidelity points.
